<?xml version="1.0" encoding="UTF-8"?>
<testsuites>
	<testsuite errors="19" failures="0" name="TDE_Modes-20181011171654" skipped="0" tests="19" time="0.016">
		<testcase classname="TDE_Modes" name="test_GetMacaddressBT" time="0.000">
			<error message="[Error 2] The system cannot find the file specified" type="WindowsError">
<![CDATA[Traceback (most recent call last):
  File "C:\Automation_CI_TDEBT\CI_Automation_TDEBT\tdebt_utest_02.py", line 30, in test_GetMacaddressBT
    r = subprocess.check_output(cmdStr, stderr = subprocess.STDOUT)
  File "C:\Python27\lib\subprocess.py", line 530, in check_output
    process = Popen(stdout=PIPE, *popenargs, **kwargs)
  File "C:\Python27\lib\subprocess.py", line 672, in __init__
    errread, errwrite)
  File "C:\Python27\lib\subprocess.py", line 882, in _execute_child
    startupinfo)
WindowsError: [Error 2] The system cannot find the file specified

Stdout:
test_GetMacaddressBT
]]>			</error>
		</testcase>
		<testcase classname="TDE_Modes" name="test_Getbtn_status" time="0.000">
			<error message="[Error 2] The system cannot find the file specified" type="WindowsError">
<![CDATA[Traceback (most recent call last):
  File "C:\Automation_CI_TDEBT\CI_Automation_TDEBT\tdebt_utest_02.py", line 189, in test_Getbtn_status
    r = subprocess.check_output(cmdStr, stderr = subprocess.STDOUT)
  File "C:\Python27\lib\subprocess.py", line 530, in check_output
    process = Popen(stdout=PIPE, *popenargs, **kwargs)
  File "C:\Python27\lib\subprocess.py", line 672, in __init__
    errread, errwrite)
  File "C:\Python27\lib\subprocess.py", line 882, in _execute_child
    startupinfo)
WindowsError: [Error 2] The system cannot find the file specified

Stdout:
TESTGetbtn_status
]]>			</error>
		</testcase>
		<testcase classname="TDE_Modes" name="test_Getpskey" time="0.000">
			<error message="[Error 2] The system cannot find the file specified" type="WindowsError">
<![CDATA[Traceback (most recent call last):
  File "C:\Automation_CI_TDEBT\CI_Automation_TDEBT\tdebt_utest_02.py", line 162, in test_Getpskey
    r = subprocess.check_output(cmdStr, stderr = subprocess.STDOUT)
  File "C:\Python27\lib\subprocess.py", line 530, in check_output
    process = Popen(stdout=PIPE, *popenargs, **kwargs)
  File "C:\Python27\lib\subprocess.py", line 672, in __init__
    errread, errwrite)
  File "C:\Python27\lib\subprocess.py", line 882, in _execute_child
    startupinfo)
WindowsError: [Error 2] The system cannot find the file specified

Stdout:
TESTGetpskey
]]>			</error>
		</testcase>
		<testcase classname="TDE_Modes" name="test_Gettde_unique_id" time="0.000">
			<error message="[Error 2] The system cannot find the file specified" type="WindowsError">
<![CDATA[Traceback (most recent call last):
  File "C:\Automation_CI_TDEBT\CI_Automation_TDEBT\tdebt_utest_02.py", line 70, in test_Gettde_unique_id
    r = subprocess.check_output(cmdStr, stderr = subprocess.STDOUT)
  File "C:\Python27\lib\subprocess.py", line 530, in check_output
    process = Popen(stdout=PIPE, *popenargs, **kwargs)
  File "C:\Python27\lib\subprocess.py", line 672, in __init__
    errread, errwrite)
  File "C:\Python27\lib\subprocess.py", line 882, in _execute_child
    startupinfo)
WindowsError: [Error 2] The system cannot find the file specified

Stdout:
test_GetTde_unique_id
]]>			</error>
		</testcase>
		<testcase classname="TDE_Modes" name="test_Gettvhub_ble_camera_address" time="0.000">
			<error message="[Error 2] The system cannot find the file specified" type="WindowsError">
<![CDATA[Traceback (most recent call last):
  File "C:\Automation_CI_TDEBT\CI_Automation_TDEBT\tdebt_utest_02.py", line 125, in test_Gettvhub_ble_camera_address
    r = subprocess.check_output(cmdStr, stderr = subprocess.STDOUT)
  File "C:\Python27\lib\subprocess.py", line 530, in check_output
    process = Popen(stdout=PIPE, *popenargs, **kwargs)
  File "C:\Python27\lib\subprocess.py", line 672, in __init__
    errread, errwrite)
  File "C:\Python27\lib\subprocess.py", line 882, in _execute_child
    startupinfo)
WindowsError: [Error 2] The system cannot find the file specified

Stdout:
test_Gettvhub_ble_camera_address
]]>			</error>
		</testcase>
		<testcase classname="TDE_Modes" name="test_Gettvhub_ble_central_address" time="0.000">
			<error message="[Error 2] The system cannot find the file specified" type="WindowsError">
<![CDATA[Traceback (most recent call last):
  File "C:\Automation_CI_TDEBT\CI_Automation_TDEBT\tdebt_utest_02.py", line 107, in test_Gettvhub_ble_central_address
    r = subprocess.check_output(cmdStr, stderr = subprocess.STDOUT)
  File "C:\Python27\lib\subprocess.py", line 530, in check_output
    process = Popen(stdout=PIPE, *popenargs, **kwargs)
  File "C:\Python27\lib\subprocess.py", line 672, in __init__
    errread, errwrite)
  File "C:\Python27\lib\subprocess.py", line 882, in _execute_child
    startupinfo)
WindowsError: [Error 2] The system cannot find the file specified

Stdout:
test_Gettvhub_ble_central_address
]]>			</error>
		</testcase>
		<testcase classname="TDE_Modes" name="test_Gettvhub_ble_peripheral_address" time="0.000">
			<error message="[Error 2] The system cannot find the file specified" type="WindowsError">
<![CDATA[Traceback (most recent call last):
  File "C:\Automation_CI_TDEBT\CI_Automation_TDEBT\tdebt_utest_02.py", line 50, in test_Gettvhub_ble_peripheral_address
    r = subprocess.check_output(cmdStr, stderr = subprocess.STDOUT)
  File "C:\Python27\lib\subprocess.py", line 530, in check_output
    process = Popen(stdout=PIPE, *popenargs, **kwargs)
  File "C:\Python27\lib\subprocess.py", line 672, in __init__
    errread, errwrite)
  File "C:\Python27\lib\subprocess.py", line 882, in _execute_child
    startupinfo)
WindowsError: [Error 2] The system cannot find the file specified

Stdout:
test_Gettvhub_ble_peripheral_address
]]>			</error>
		</testcase>
		<testcase classname="TDE_Modes" name="test_Gettvhub_cec_status" time="0.000">
			<error message="[Error 2] The system cannot find the file specified" type="WindowsError">
<![CDATA[Traceback (most recent call last):
  File "C:\Automation_CI_TDEBT\CI_Automation_TDEBT\tdebt_utest_02.py", line 79, in test_Gettvhub_cec_status
    r = subprocess.check_output(cmdStr, stderr = subprocess.STDOUT)
  File "C:\Python27\lib\subprocess.py", line 530, in check_output
    process = Popen(stdout=PIPE, *popenargs, **kwargs)
  File "C:\Python27\lib\subprocess.py", line 672, in __init__
    errread, errwrite)
  File "C:\Python27\lib\subprocess.py", line 882, in _execute_child
    startupinfo)
WindowsError: [Error 2] The system cannot find the file specified

Stdout:
test_Gettvhub_cec_status
]]>			</error>
		</testcase>
		<testcase classname="TDE_Modes" name="test_Gettvhub_chrontel_status" time="0.000">
			<error message="[Error 2] The system cannot find the file specified" type="WindowsError">
<![CDATA[Traceback (most recent call last):
  File "C:\Automation_CI_TDEBT\CI_Automation_TDEBT\tdebt_utest_02.py", line 88, in test_Gettvhub_chrontel_status
    r = subprocess.check_output(cmdStr, stderr = subprocess.STDOUT)
  File "C:\Python27\lib\subprocess.py", line 530, in check_output
    process = Popen(stdout=PIPE, *popenargs, **kwargs)
  File "C:\Python27\lib\subprocess.py", line 672, in __init__
    errread, errwrite)
  File "C:\Python27\lib\subprocess.py", line 882, in _execute_child
    startupinfo)
WindowsError: [Error 2] The system cannot find the file specified

Stdout:
test_Gettvhub_chrontel_status
]]>			</error>
		</testcase>
		<testcase classname="TDE_Modes" name="test_SetMacaddressBT" time="0.000">
			<error message="[Error 2] The system cannot find the file specified" type="WindowsError">
<![CDATA[Traceback (most recent call last):
  File "C:\Automation_CI_TDEBT\CI_Automation_TDEBT\tdebt_utest_02.py", line 19, in test_SetMacaddressBT
    r = subprocess.check_output(cmdStr, stderr = subprocess.STDOUT)
  File "C:\Python27\lib\subprocess.py", line 530, in check_output
    process = Popen(stdout=PIPE, *popenargs, **kwargs)
  File "C:\Python27\lib\subprocess.py", line 672, in __init__
    errread, errwrite)
  File "C:\Python27\lib\subprocess.py", line 882, in _execute_child
    startupinfo)
WindowsError: [Error 2] The system cannot find the file specified

Stdout:
test_SetMacaddressBT 
]]>			</error>
		</testcase>
		<testcase classname="TDE_Modes" name="test_Settde_test_tracking_data" time="0.000">
			<error message="[Error 2] The system cannot find the file specified" type="WindowsError">
<![CDATA[Traceback (most recent call last):
  File "C:\Automation_CI_TDEBT\CI_Automation_TDEBT\tdebt_utest_02.py", line 135, in test_Settde_test_tracking_data
    r = subprocess.check_output(cmdStr, stderr = subprocess.STDOUT)
  File "C:\Python27\lib\subprocess.py", line 530, in check_output
    process = Popen(stdout=PIPE, *popenargs, **kwargs)
  File "C:\Python27\lib\subprocess.py", line 672, in __init__
    errread, errwrite)
  File "C:\Python27\lib\subprocess.py", line 882, in _execute_child
    startupinfo)
WindowsError: [Error 2] The system cannot find the file specified

Stdout:
TESTSettde_test_tracking_data
]]>			</error>
		</testcase>
		<testcase classname="TDE_Modes" name="test_Settde_unique_id" time="0.000">
			<error message="[Error 2] The system cannot find the file specified" type="WindowsError">
<![CDATA[Traceback (most recent call last):
  File "C:\Automation_CI_TDEBT\CI_Automation_TDEBT\tdebt_utest_02.py", line 59, in test_Settde_unique_id
    r = subprocess.check_output(cmdStr, stderr = subprocess.STDOUT)
  File "C:\Python27\lib\subprocess.py", line 530, in check_output
    process = Popen(stdout=PIPE, *popenargs, **kwargs)
  File "C:\Python27\lib\subprocess.py", line 672, in __init__
    errread, errwrite)
  File "C:\Python27\lib\subprocess.py", line 882, in _execute_child
    startupinfo)
WindowsError: [Error 2] The system cannot find the file specified

Stdout:
test_Settde_unique_id 
]]>			</error>
		</testcase>
		<testcase classname="TDE_Modes" name="test_Settvhub_ble_camera_address" time="0.000">
			<error message="[Error 2] The system cannot find the file specified" type="WindowsError">
<![CDATA[Traceback (most recent call last):
  File "C:\Automation_CI_TDEBT\CI_Automation_TDEBT\tdebt_utest_02.py", line 116, in test_Settvhub_ble_camera_address
    r = subprocess.check_output(cmdStr, stderr = subprocess.STDOUT)
  File "C:\Python27\lib\subprocess.py", line 530, in check_output
    process = Popen(stdout=PIPE, *popenargs, **kwargs)
  File "C:\Python27\lib\subprocess.py", line 672, in __init__
    errread, errwrite)
  File "C:\Python27\lib\subprocess.py", line 882, in _execute_child
    startupinfo)
WindowsError: [Error 2] The system cannot find the file specified

Stdout:
test_Settvhub_ble_camera_address
]]>			</error>
		</testcase>
		<testcase classname="TDE_Modes" name="test_Settvhub_ble_central_address" time="0.000">
			<error message="[Error 2] The system cannot find the file specified" type="WindowsError">
<![CDATA[Traceback (most recent call last):
  File "C:\Automation_CI_TDEBT\CI_Automation_TDEBT\tdebt_utest_02.py", line 97, in test_Settvhub_ble_central_address
    r = subprocess.check_output(cmdStr, stderr = subprocess.STDOUT)
  File "C:\Python27\lib\subprocess.py", line 530, in check_output
    process = Popen(stdout=PIPE, *popenargs, **kwargs)
  File "C:\Python27\lib\subprocess.py", line 672, in __init__
    errread, errwrite)
  File "C:\Python27\lib\subprocess.py", line 882, in _execute_child
    startupinfo)
WindowsError: [Error 2] The system cannot find the file specified

Stdout:
test_Settvhub_ble_central_address
]]>			</error>
		</testcase>
		<testcase classname="TDE_Modes" name="test_Settvhub_ble_peripheral_address" time="0.000">
			<error message="[Error 2] The system cannot find the file specified" type="WindowsError">
<![CDATA[Traceback (most recent call last):
  File "C:\Automation_CI_TDEBT\CI_Automation_TDEBT\tdebt_utest_02.py", line 39, in test_Settvhub_ble_peripheral_address
    r = subprocess.check_output(cmdStr, stderr = subprocess.STDOUT)
  File "C:\Python27\lib\subprocess.py", line 530, in check_output
    process = Popen(stdout=PIPE, *popenargs, **kwargs)
  File "C:\Python27\lib\subprocess.py", line 672, in __init__
    errread, errwrite)
  File "C:\Python27\lib\subprocess.py", line 882, in _execute_child
    startupinfo)
WindowsError: [Error 2] The system cannot find the file specified

Stdout:
test_Settvhub_ble_peripheral_address
]]>			</error>
		</testcase>
		<testcase classname="TDE_Modes" name="test_Settvhub_led0" time="0.016">
			<error message="[Error 2] The system cannot find the file specified" type="WindowsError">
<![CDATA[Traceback (most recent call last):
  File "C:\Automation_CI_TDEBT\CI_Automation_TDEBT\tdebt_utest_02.py", line 171, in test_Settvhub_led0
    r = subprocess.check_output(cmdStr, stderr = subprocess.STDOUT)
  File "C:\Python27\lib\subprocess.py", line 530, in check_output
    process = Popen(stdout=PIPE, *popenargs, **kwargs)
  File "C:\Python27\lib\subprocess.py", line 672, in __init__
    errread, errwrite)
  File "C:\Python27\lib\subprocess.py", line 882, in _execute_child
    startupinfo)
WindowsError: [Error 2] The system cannot find the file specified

Stdout:
TESTSettvhub_led
]]>			</error>
		</testcase>
		<testcase classname="TDE_Modes" name="test_Settvhub_led1" time="0.000">
			<error message="[Error 2] The system cannot find the file specified" type="WindowsError">
<![CDATA[Traceback (most recent call last):
  File "C:\Automation_CI_TDEBT\CI_Automation_TDEBT\tdebt_utest_02.py", line 180, in test_Settvhub_led1
    r = subprocess.check_output(cmdStr, stderr = subprocess.STDOUT)
  File "C:\Python27\lib\subprocess.py", line 530, in check_output
    process = Popen(stdout=PIPE, *popenargs, **kwargs)
  File "C:\Python27\lib\subprocess.py", line 672, in __init__
    errread, errwrite)
  File "C:\Python27\lib\subprocess.py", line 882, in _execute_child
    startupinfo)
WindowsError: [Error 2] The system cannot find the file specified

Stdout:
TESTSettvhub_led
]]>			</error>
		</testcase>
		<testcase classname="TDE_Modes" name="test_Settvhub_spplib_bypass1" time="0.000">
			<error message="[Error 2] The system cannot find the file specified" type="WindowsError">
<![CDATA[Traceback (most recent call last):
  File "C:\Automation_CI_TDEBT\CI_Automation_TDEBT\tdebt_utest_02.py", line 198, in test_Settvhub_spplib_bypass1
    r = subprocess.check_output(cmdStr, stderr = subprocess.STDOUT)
  File "C:\Python27\lib\subprocess.py", line 530, in check_output
    process = Popen(stdout=PIPE, *popenargs, **kwargs)
  File "C:\Python27\lib\subprocess.py", line 672, in __init__
    errread, errwrite)
  File "C:\Python27\lib\subprocess.py", line 882, in _execute_child
    startupinfo)
WindowsError: [Error 2] The system cannot find the file specified

Stdout:
TESTSettvhub_led
]]>			</error>
		</testcase>
		<testcase classname="TDE_Modes" name="test_Settvhub_spplib_bypass2" time="0.000">
			<error message="[Error 2] The system cannot find the file specified" type="WindowsError">
<![CDATA[Traceback (most recent call last):
  File "C:\Automation_CI_TDEBT\CI_Automation_TDEBT\tdebt_utest_02.py", line 207, in test_Settvhub_spplib_bypass2
    r = subprocess.check_output(cmdStr, stderr = subprocess.STDOUT)
  File "C:\Python27\lib\subprocess.py", line 530, in check_output
    process = Popen(stdout=PIPE, *popenargs, **kwargs)
  File "C:\Python27\lib\subprocess.py", line 672, in __init__
    errread, errwrite)
  File "C:\Python27\lib\subprocess.py", line 882, in _execute_child
    startupinfo)
WindowsError: [Error 2] The system cannot find the file specified

Stdout:
TESTSettvhub_led
]]>			</error>
		</testcase>
		<system-out>
<![CDATA[test_GetMacaddressBT
TESTGetbtn_status
TESTGetpskey
test_GetTde_unique_id
test_Gettvhub_ble_camera_address
test_Gettvhub_ble_central_address
test_Gettvhub_ble_peripheral_address
test_Gettvhub_cec_status
test_Gettvhub_chrontel_status
test_SetMacaddressBT 
TESTSettde_test_tracking_data
test_Settde_unique_id 
test_Settvhub_ble_camera_address
test_Settvhub_ble_central_address
test_Settvhub_ble_peripheral_address
TESTSettvhub_led
TESTSettvhub_led
TESTSettvhub_led
TESTSettvhub_led
]]>		</system-out>
		<system-err>
<![CDATA[]]>		</system-err>
	</testsuite>
</testsuites>
